{
  "name": "wrap",
  "files": [
    "index.ts",
    "entry.ts"
  ],
  "directories": [
    {
      "name": "Module",
      "files": [
        "index.ts",
        "serialization.ts",
        "wrapped.ts"
      ],
      "directories": []
    }
  ]
}
