{
  "name": "wrap",
  "files": [
    "index.ts",
    "entry.ts"
  ],
  "directories": [
    {
      "name": "Module",
      "files": [
        "index.ts",
        "serialization.ts",
        "wrapped.ts"
      ],
      "directories": []
    },
    {
      "name": "imported",
      "files": [
        "index.ts"
      ],
      "directories": [
        {
          "name": "Mock_Module",
          "files": [
            "index.ts",
            "serialization.ts"
          ],
          "directories": []
        }
      ]
    }
  ]
}
