{
  "name": "wrap",
  "files": [
    "schema1.ts",
    "schema3.ts"
  ],
  "directories": [
    {
      "name": "folder",
      "files": [
        "schema2.ts"
      ],
      "directories": []
    }
  ]
}
